// Jest Snapshot v1, https://goo.gl/fbAQLP

exports[`matches the snapshot 1`] = `
<DocumentFragment>
  <div>
    <div>
      <form
        id="todo-form"
      >
        <div>
          <label
            for="task"
          >
            Task:
          </label>
          <input
            id="task"
            name="task"
            type="text"
            value=""
          />
        </div>
        <button>
          Add a Todo!
        </button>
      </form>
    </div>
    <ul />
  </div>
</DocumentFragment>
`;
