// Jest Snapshot v1, https://goo.gl/fbAQLP

exports[`matches snapshot 1`] = `
<DocumentFragment>
  <div>
    <div
      style="height: 2em; width: 2em; background-color: black;"
    />
    <button>
      Remove This Box
    </button>
  </div>
</DocumentFragment>
`;
